xrun(64): 24.03-s001: (c) Copyright 1995-2024 Cadence Design Systems, Inc.
TOOL:	xrun(64)	24.03-s001: Started on Dec 18, 2025 at 21:56:30 MSK
xrun
	-compile
	-64bit
	/home/Lnss_313/Desktop/apb_mux/build/apb_mux_xcelium.sv
	/home/Lnss_313/Desktop/apb_mux/build/../tb/tb_apb_mux.sv
	-xmlibdirpath /home/Lnss_313/Desktop/apb_mux/build/work
	-l /home/Lnss_313/Desktop/apb_mux/build/compile.log
Recompiling... reason: file './apb_mux_xcelium.sv' is newer than expected.
	expected: Thu Dec 18 21:55:50 2025
	actual:   Thu Dec 18 21:56:30 2025
TOOL:	xrun(64)	24.03-s001: Exiting on Dec 18, 2025 at 21:56:30 MSK  (total: 00:00:00)
